exports[`file contents: prettier-eslint cli-test/fixtures/example1.js cli-test/fixtures/example2.js 1`] = `
Object {
  "example1Result": "const {example1} = baz.bar
",
  "example2Result": "function example2(thing) {
  return thing
}
",
}
`;

exports[`stdout: --help 1`] = `
"Usage: src/index.js <globs>...

Options:
  -h, --help      Show help                                            [boolean]
  --version       Show version number                                  [boolean]
  --log           Show logs                                     [default: false]
  --stdin         Accept input via stdin                        [default: false]
  --eslintPath    The path to the eslint module to use
    [default: \"<projectRootDir>/node_modules/eslint\"]
  --prettierPath  The path to the prettier module to use
  [default: \"<projectRootDir>/node_modules/prettier\"]

"
`;

exports[`stdout: --version 1`] = `
"0.0.0-semantically-released
"
`;

exports[`stdout: prettier-eslint cli-test/fixtures/example1.js cli-test/fixtures/example2.js 1`] = `
"success formatting 2 files with prettier-eslint ✨
"
`;
